  Determining projects to restore...
  All projects are up-to-date for restore.
CSC : error CS5001: Program does not contain a static 'Main' method suitable for an entry point [C:\Users\MOHAMMED\source\repos\Div.Link.Project01\Div.Link.Project01.DAL\Div.Link.Project01.DAL.csproj]
C:\Users\MOHAMMED\source\repos\Div.Link.Project01\Div.Link.Project01.DAL\Models\ApplicationUser.cs(10,23): warning CS8618: Non-nullable property 'Doctor' must contain a non-null value when exiting constructor. Consider adding the 'required' modifier or declaring the property as nullable. [C:\Users\MOHAMMED\source\repos\Div.Link.Project01\Div.Link.Project01.DAL\Div.Link.Project01.DAL.csproj]
C:\Users\MOHAMMED\source\repos\Div.Link.Project01\Div.Link.Project01.DAL\Models\ApplicationUser.cs(11,23): warning CS8618: Non-nullable property 'address' must contain a non-null value when exiting constructor. Consider adding the 'required' modifier or declaring the property as nullable. [C:\Users\MOHAMMED\source\repos\Div.Link.Project01\Div.Link.Project01.DAL\Div.Link.Project01.DAL.csproj]
C:\Users\MOHAMMED\source\repos\Div.Link.Project01\Div.Link.Project01.DAL\Models\Doctor.cs(12,32): warning CS8618: Non-nullable property 'Application' must contain a non-null value when exiting constructor. Consider adding the 'required' modifier or declaring the property as nullable. [C:\Users\MOHAMMED\source\repos\Div.Link.Project01\Div.Link.Project01.DAL\Div.Link.Project01.DAL.csproj]
C:\Users\MOHAMMED\source\repos\Div.Link.Project01\Div.Link.Project01.DAL\UnitOfWork\UnitOfWork.cs(13,16): warning CS8618: Non-nullable field 'dbContext' must contain a non-null value when exiting constructor. Consider adding the 'required' modifier or declaring the field as nullable. [C:\Users\MOHAMMED\source\repos\Div.Link.Project01\Div.Link.Project01.DAL\Div.Link.Project01.DAL.csproj]
C:\Users\MOHAMMED\source\repos\Div.Link.Project01\Div.Link.Project01.DAL\UnitOfWork\UnitOfWork.cs(13,16): warning CS8618: Non-nullable field '_doctorRepository' must contain a non-null value when exiting constructor. Consider adding the 'required' modifier or declaring the field as nullable. [C:\Users\MOHAMMED\source\repos\Div.Link.Project01\Div.Link.Project01.DAL\Div.Link.Project01.DAL.csproj]
C:\Users\MOHAMMED\source\repos\Div.Link.Project01\Div.Link.Project01.DAL\UnitOfWork\UnitOfWork.cs(11,47): warning CS0649: Field 'UnitOfWork.dbContext' is never assigned to, and will always have its default value null [C:\Users\MOHAMMED\source\repos\Div.Link.Project01\Div.Link.Project01.DAL\Div.Link.Project01.DAL.csproj]

Build FAILED.

C:\Users\MOHAMMED\source\repos\Div.Link.Project01\Div.Link.Project01.DAL\Models\ApplicationUser.cs(10,23): warning CS8618: Non-nullable property 'Doctor' must contain a non-null value when exiting constructor. Consider adding the 'required' modifier or declaring the property as nullable. [C:\Users\MOHAMMED\source\repos\Div.Link.Project01\Div.Link.Project01.DAL\Div.Link.Project01.DAL.csproj]
C:\Users\MOHAMMED\source\repos\Div.Link.Project01\Div.Link.Project01.DAL\Models\ApplicationUser.cs(11,23): warning CS8618: Non-nullable property 'address' must contain a non-null value when exiting constructor. Consider adding the 'required' modifier or declaring the property as nullable. [C:\Users\MOHAMMED\source\repos\Div.Link.Project01\Div.Link.Project01.DAL\Div.Link.Project01.DAL.csproj]
C:\Users\MOHAMMED\source\repos\Div.Link.Project01\Div.Link.Project01.DAL\Models\Doctor.cs(12,32): warning CS8618: Non-nullable property 'Application' must contain a non-null value when exiting constructor. Consider adding the 'required' modifier or declaring the property as nullable. [C:\Users\MOHAMMED\source\repos\Div.Link.Project01\Div.Link.Project01.DAL\Div.Link.Project01.DAL.csproj]
C:\Users\MOHAMMED\source\repos\Div.Link.Project01\Div.Link.Project01.DAL\UnitOfWork\UnitOfWork.cs(13,16): warning CS8618: Non-nullable field 'dbContext' must contain a non-null value when exiting constructor. Consider adding the 'required' modifier or declaring the field as nullable. [C:\Users\MOHAMMED\source\repos\Div.Link.Project01\Div.Link.Project01.DAL\Div.Link.Project01.DAL.csproj]
C:\Users\MOHAMMED\source\repos\Div.Link.Project01\Div.Link.Project01.DAL\UnitOfWork\UnitOfWork.cs(13,16): warning CS8618: Non-nullable field '_doctorRepository' must contain a non-null value when exiting constructor. Consider adding the 'required' modifier or declaring the field as nullable. [C:\Users\MOHAMMED\source\repos\Div.Link.Project01\Div.Link.Project01.DAL\Div.Link.Project01.DAL.csproj]
C:\Users\MOHAMMED\source\repos\Div.Link.Project01\Div.Link.Project01.DAL\UnitOfWork\UnitOfWork.cs(11,47): warning CS0649: Field 'UnitOfWork.dbContext' is never assigned to, and will always have its default value null [C:\Users\MOHAMMED\source\repos\Div.Link.Project01\Div.Link.Project01.DAL\Div.Link.Project01.DAL.csproj]
CSC : error CS5001: Program does not contain a static 'Main' method suitable for an entry point [C:\Users\MOHAMMED\source\repos\Div.Link.Project01\Div.Link.Project01.DAL\Div.Link.Project01.DAL.csproj]
    6 Warning(s)
    1 Error(s)

Time Elapsed 00:00:03.05
